{
  "version": "1.5.0",
  "plugins_used": [
    {
      "name": "ArtifactoryDetector"
    },
    {
      "name": "AWSKeyDetector"
    },
    {
      "name": "AzureStorageKeyDetector"
    },
    {
      "name": "Base64HighEntropyString",
      "limit": 4.5
    },
    {
      "name": "BasicAuthDetector"
    },
    {
      "name": "CloudantDetector"
    },
    {
      "name": "DiscordBotTokenDetector"
    },
    {
      "name": "GitHubTokenDetector"
    },
    {
      "name": "GitLabTokenDetector"
    },
    {
      "name": "HexHighEntropyString",
      "limit": 3.0
    },
    {
      "name": "IbmCloudIamDetector"
    },
    {
      "name": "IbmCosHmacDetector"
    },
    {
      "name": "IPPublicDetector"
    },
    {
      "name": "JwtTokenDetector"
    },
    {
      "name": "KeywordDetector",
      "keyword_exclude": ""
    },
    {
      "name": "MailchimpDetector"
    },
    {
      "name": "NpmDetector"
    },
    {
      "name": "OpenAIDetector"
    },
    {
      "name": "PrivateKeyDetector"
    },
    {
      "name": "PypiTokenDetector"
    },
    {
      "name": "SendGridDetector"
    },
    {
      "name": "SlackDetector"
    },
    {
      "name": "SoftlayerDetector"
    },
    {
      "name": "SquareOAuthDetector"
    },
    {
      "name": "StripeDetector"
    },
    {
      "name": "TelegramBotTokenDetector"
    },
    {
      "name": "TwilioKeyDetector"
    }
  ],
  "filters_used": [
    {
      "path": "detect_secrets.filters.allowlist.is_line_allowlisted"
    },
    {
      "path": "detect_secrets.filters.common.is_baseline_file",
      "filename": "creek-tools/.secrets.baseline"
    },
    {
      "path": "detect_secrets.filters.common.is_ignored_due_to_verification_policies",
      "min_level": 2
    },
    {
      "path": "detect_secrets.filters.heuristic.is_indirect_reference"
    },
    {
      "path": "detect_secrets.filters.heuristic.is_likely_id_string"
    },
    {
      "path": "detect_secrets.filters.heuristic.is_lock_file"
    },
    {
      "path": "detect_secrets.filters.heuristic.is_not_alphanumeric_string"
    },
    {
      "path": "detect_secrets.filters.heuristic.is_potential_uuid"
    },
    {
      "path": "detect_secrets.filters.heuristic.is_prefixed_with_dollar_sign"
    },
    {
      "path": "detect_secrets.filters.heuristic.is_sequential_string"
    },
    {
      "path": "detect_secrets.filters.heuristic.is_swagger_file"
    },
    {
      "path": "detect_secrets.filters.heuristic.is_templated_secret"
    }
  ],
  "results": {
    ".claude/skills/documentation/references/go-patterns.md": [
      {
        "type": "Secret Keyword",
        "filename": ".claude/skills/documentation/references/go-patterns.md",
        "hashed_secret": "74f513eb6f61ab2a2263233597ada27c44a11262",
        "is_verified": false,
        "line_number": 21
      }
    ],
    ".claude/skills/error-handling/references/examples.md": [
      {
        "type": "Secret Keyword",
        "filename": ".claude/skills/error-handling/references/examples.md",
        "hashed_secret": "ecb252044b5ea0f679ee78ec1a12904739e2904d",
        "is_verified": false,
        "line_number": 86
      }
    ],
    ".claude/skills/security/references/patterns-by-language.md": [
      {
        "type": "Secret Keyword",
        "filename": ".claude/skills/security/references/patterns-by-language.md",
        "hashed_secret": "e4e6071ba48c5c0c20c1c1dc5325a3c7d8d6d1f3",
        "is_verified": false,
        "line_number": 66
      }
    ],
    ".claude/skills/testing/SKILL.md": [
      {
        "type": "Secret Keyword",
        "filename": ".claude/skills/testing/SKILL.md",
        "hashed_secret": "7288edd0fc3ffcbe93a0cf06e3568e28521687bc",
        "is_verified": false,
        "line_number": 55
      },
      {
        "type": "Secret Keyword",
        "filename": ".claude/skills/testing/SKILL.md",
        "hashed_secret": "a94a8fe5ccb19ba61c4c0873d391e987982fbbd3",
        "is_verified": false,
        "line_number": 83
      }
    ],
    ".claude/skills/testing/references/examples.md": [
      {
        "type": "Secret Keyword",
        "filename": ".claude/skills/testing/references/examples.md",
        "hashed_secret": "6367c48dd193d56ea7b0baad25b19455e529f5ee",
        "is_verified": false,
        "line_number": 14
      },
      {
        "type": "Secret Keyword",
        "filename": ".claude/skills/testing/references/examples.md",
        "hashed_secret": "f04a07abc612388d70e270d19f9f5db7a27290fc",
        "is_verified": false,
        "line_number": 42
      }
    ],
    ".claude/skills/testing/references/patterns-by-language.md": [
      {
        "type": "Secret Keyword",
        "filename": ".claude/skills/testing/references/patterns-by-language.md",
        "hashed_secret": "b9615cef6cff3572af1365ff44c8b92ea9266f3e",
        "is_verified": false,
        "line_number": 9
      },
      {
        "type": "Secret Keyword",
        "filename": ".claude/skills/testing/references/patterns-by-language.md",
        "hashed_secret": "a94a8fe5ccb19ba61c4c0873d391e987982fbbd3",
        "is_verified": false,
        "line_number": 69
      },
      {
        "type": "Secret Keyword",
        "filename": ".claude/skills/testing/references/patterns-by-language.md",
        "hashed_secret": "a62f2225bf70bfaccbc7f1ef2a397836717377de",
        "is_verified": false,
        "line_number": 113
      },
      {
        "type": "Secret Keyword",
        "filename": ".claude/skills/testing/references/patterns-by-language.md",
        "hashed_secret": "7288edd0fc3ffcbe93a0cf06e3568e28521687bc",
        "is_verified": false,
        "line_number": 149
      }
    ],
    "creek-tools/.claude/skills/documentation.md": [
      {
        "type": "Secret Keyword",
        "filename": "creek-tools/.claude/skills/documentation.md",
        "hashed_secret": "11fa7c37d697f30e6aee828b4426a10f83ab2380",
        "is_verified": false,
        "line_number": 358
      },
      {
        "type": "Secret Keyword",
        "filename": "creek-tools/.claude/skills/documentation.md",
        "hashed_secret": "74f513eb6f61ab2a2263233597ada27c44a11262",
        "is_verified": false,
        "line_number": 491
      }
    ],
    "creek-tools/.claude/skills/error-handling.md": [
      {
        "type": "Secret Keyword",
        "filename": "creek-tools/.claude/skills/error-handling.md",
        "hashed_secret": "ecb252044b5ea0f679ee78ec1a12904739e2904d",
        "is_verified": false,
        "line_number": 708
      }
    ],
    "creek-tools/.claude/skills/security.md": [
      {
        "type": "Secret Keyword",
        "filename": "creek-tools/.claude/skills/security.md",
        "hashed_secret": "e4e6071ba48c5c0c20c1c1dc5325a3c7d8d6d1f3",
        "is_verified": false,
        "line_number": 286
      },
      {
        "type": "Secret Keyword",
        "filename": "creek-tools/.claude/skills/security.md",
        "hashed_secret": "0b1f2a7eb7c712eca1c2516a53be0aae44662378",
        "is_verified": false,
        "line_number": 795
      },
      {
        "type": "Secret Keyword",
        "filename": "creek-tools/.claude/skills/security.md",
        "hashed_secret": "f865b53623b121fd34ee5426c792e5c33af8c227",
        "is_verified": false,
        "line_number": 796
      }
    ],
    "creek-tools/.claude/skills/testing.md": [
      {
        "type": "Secret Keyword",
        "filename": "creek-tools/.claude/skills/testing.md",
        "hashed_secret": "7288edd0fc3ffcbe93a0cf06e3568e28521687bc",
        "is_verified": false,
        "line_number": 29
      },
      {
        "type": "Secret Keyword",
        "filename": "creek-tools/.claude/skills/testing.md",
        "hashed_secret": "b9615cef6cff3572af1365ff44c8b92ea9266f3e",
        "is_verified": false,
        "line_number": 85
      },
      {
        "type": "Secret Keyword",
        "filename": "creek-tools/.claude/skills/testing.md",
        "hashed_secret": "00942f4668670f34c5943cf52c7ef3139fe2b8d6",
        "is_verified": false,
        "line_number": 162
      },
      {
        "type": "Secret Keyword",
        "filename": "creek-tools/.claude/skills/testing.md",
        "hashed_secret": "a94a8fe5ccb19ba61c4c0873d391e987982fbbd3",
        "is_verified": false,
        "line_number": 541
      },
      {
        "type": "Secret Keyword",
        "filename": "creek-tools/.claude/skills/testing.md",
        "hashed_secret": "6367c48dd193d56ea7b0baad25b19455e529f5ee",
        "is_verified": false,
        "line_number": 707
      },
      {
        "type": "Secret Keyword",
        "filename": "creek-tools/.claude/skills/testing.md",
        "hashed_secret": "f04a07abc612388d70e270d19f9f5db7a27290fc",
        "is_verified": false,
        "line_number": 789
      }
    ],
    "creek-tools/.secrets.baseline": [
      {
        "type": "Hex High Entropy String",
        "filename": "creek-tools/.secrets.baseline",
        "hashed_secret": "f5335500acc7cef951a280f30d0746e6503cfe61",
        "is_verified": false,
        "line_number": 134
      },
      {
        "type": "Secret Keyword",
        "filename": "creek-tools/.secrets.baseline",
        "hashed_secret": "f5335500acc7cef951a280f30d0746e6503cfe61",
        "is_verified": false,
        "line_number": 134
      },
      {
        "type": "Hex High Entropy String",
        "filename": "creek-tools/.secrets.baseline",
        "hashed_secret": "16a44bf9f8362466dfbb16bece6d92c09b2a7d3d",
        "is_verified": false,
        "line_number": 143
      },
      {
        "type": "Secret Keyword",
        "filename": "creek-tools/.secrets.baseline",
        "hashed_secret": "16a44bf9f8362466dfbb16bece6d92c09b2a7d3d",
        "is_verified": false,
        "line_number": 143
      },
      {
        "type": "Hex High Entropy String",
        "filename": "creek-tools/.secrets.baseline",
        "hashed_secret": "42a7bac8745c45d6037a2253b9915517937fa567",
        "is_verified": false,
        "line_number": 152
      },
      {
        "type": "Secret Keyword",
        "filename": "creek-tools/.secrets.baseline",
        "hashed_secret": "42a7bac8745c45d6037a2253b9915517937fa567",
        "is_verified": false,
        "line_number": 152
      },
      {
        "type": "Hex High Entropy String",
        "filename": "creek-tools/.secrets.baseline",
        "hashed_secret": "2a3d1a00706cbc6f62772c3aba0fc6b52c4dc328",
        "is_verified": false,
        "line_number": 161
      },
      {
        "type": "Secret Keyword",
        "filename": "creek-tools/.secrets.baseline",
        "hashed_secret": "2a3d1a00706cbc6f62772c3aba0fc6b52c4dc328",
        "is_verified": false,
        "line_number": 161
      },
      {
        "type": "Hex High Entropy String",
        "filename": "creek-tools/.secrets.baseline",
        "hashed_secret": "c4033bff94b567a190e33faa551f411caef444f2",
        "is_verified": false,
        "line_number": 168
      },
      {
        "type": "Secret Keyword",
        "filename": "creek-tools/.secrets.baseline",
        "hashed_secret": "c4033bff94b567a190e33faa551f411caef444f2",
        "is_verified": false,
        "line_number": 168
      },
      {
        "type": "Hex High Entropy String",
        "filename": "creek-tools/.secrets.baseline",
        "hashed_secret": "5f1526ab5af8b63fcb10178bda39fb04dcb516b1",
        "is_verified": false,
        "line_number": 177
      },
      {
        "type": "Secret Keyword",
        "filename": "creek-tools/.secrets.baseline",
        "hashed_secret": "5f1526ab5af8b63fcb10178bda39fb04dcb516b1",
        "is_verified": false,
        "line_number": 177
      },
      {
        "type": "Hex High Entropy String",
        "filename": "creek-tools/.secrets.baseline",
        "hashed_secret": "fc9b81e24aef0541eed506cb7831b155189b7f93",
        "is_verified": false,
        "line_number": 184
      },
      {
        "type": "Secret Keyword",
        "filename": "creek-tools/.secrets.baseline",
        "hashed_secret": "fc9b81e24aef0541eed506cb7831b155189b7f93",
        "is_verified": false,
        "line_number": 184
      },
      {
        "type": "Hex High Entropy String",
        "filename": "creek-tools/.secrets.baseline",
        "hashed_secret": "9915f02db02d6058322592fc3f6aea0886479958",
        "is_verified": false,
        "line_number": 193
      },
      {
        "type": "Secret Keyword",
        "filename": "creek-tools/.secrets.baseline",
        "hashed_secret": "9915f02db02d6058322592fc3f6aea0886479958",
        "is_verified": false,
        "line_number": 193
      },
      {
        "type": "Hex High Entropy String",
        "filename": "creek-tools/.secrets.baseline",
        "hashed_secret": "8d1e4f5888895e9f5df12404d016f885c42fad0b",
        "is_verified": false,
        "line_number": 207
      },
      {
        "type": "Secret Keyword",
        "filename": "creek-tools/.secrets.baseline",
        "hashed_secret": "8d1e4f5888895e9f5df12404d016f885c42fad0b",
        "is_verified": false,
        "line_number": 207
      },
      {
        "type": "Hex High Entropy String",
        "filename": "creek-tools/.secrets.baseline",
        "hashed_secret": "635114505e7620f951a96ea6d5a6d2a018bc7ab4",
        "is_verified": false,
        "line_number": 223
      },
      {
        "type": "Secret Keyword",
        "filename": "creek-tools/.secrets.baseline",
        "hashed_secret": "635114505e7620f951a96ea6d5a6d2a018bc7ab4",
        "is_verified": false,
        "line_number": 223
      },
      {
        "type": "Hex High Entropy String",
        "filename": "creek-tools/.secrets.baseline",
        "hashed_secret": "da7578202040fd5a6d5623bffc8cd5c86db58d35",
        "is_verified": false,
        "line_number": 255
      },
      {
        "type": "Secret Keyword",
        "filename": "creek-tools/.secrets.baseline",
        "hashed_secret": "da7578202040fd5a6d5623bffc8cd5c86db58d35",
        "is_verified": false,
        "line_number": 255
      },
      {
        "type": "Hex High Entropy String",
        "filename": "creek-tools/.secrets.baseline",
        "hashed_secret": "010438e6515e45aeaea0ac5303dbf9c2806eb0d0",
        "is_verified": false,
        "line_number": 262
      },
      {
        "type": "Secret Keyword",
        "filename": "creek-tools/.secrets.baseline",
        "hashed_secret": "010438e6515e45aeaea0ac5303dbf9c2806eb0d0",
        "is_verified": false,
        "line_number": 262
      },
      {
        "type": "Hex High Entropy String",
        "filename": "creek-tools/.secrets.baseline",
        "hashed_secret": "7a8845de943d5430134907bdb34a227510b46dc3",
        "is_verified": false,
        "line_number": 285
      },
      {
        "type": "Secret Keyword",
        "filename": "creek-tools/.secrets.baseline",
        "hashed_secret": "7a8845de943d5430134907bdb34a227510b46dc3",
        "is_verified": false,
        "line_number": 285
      },
      {
        "type": "Hex High Entropy String",
        "filename": "creek-tools/.secrets.baseline",
        "hashed_secret": "66acebadf548bb1ca6055b52c46d7a25dff0580a",
        "is_verified": false,
        "line_number": 315
      },
      {
        "type": "Secret Keyword",
        "filename": "creek-tools/.secrets.baseline",
        "hashed_secret": "66acebadf548bb1ca6055b52c46d7a25dff0580a",
        "is_verified": false,
        "line_number": 315
      },
      {
        "type": "Hex High Entropy String",
        "filename": "creek-tools/.secrets.baseline",
        "hashed_secret": "43ca82862f68d301c31d705b65bc9e3adb445f7a",
        "is_verified": false,
        "line_number": 329
      },
      {
        "type": "Secret Keyword",
        "filename": "creek-tools/.secrets.baseline",
        "hashed_secret": "43ca82862f68d301c31d705b65bc9e3adb445f7a",
        "is_verified": false,
        "line_number": 329
      },
      {
        "type": "Hex High Entropy String",
        "filename": "creek-tools/.secrets.baseline",
        "hashed_secret": "3d20fad464163baaf4b2b9b921254a4fcaff0253",
        "is_verified": false,
        "line_number": 343
      },
      {
        "type": "Secret Keyword",
        "filename": "creek-tools/.secrets.baseline",
        "hashed_secret": "3d20fad464163baaf4b2b9b921254a4fcaff0253",
        "is_verified": false,
        "line_number": 343
      },
      {
        "type": "Hex High Entropy String",
        "filename": "creek-tools/.secrets.baseline",
        "hashed_secret": "5aefc5ea1011be2daca2b6f185169b98f2c6a56f",
        "is_verified": false,
        "line_number": 357
      },
      {
        "type": "Secret Keyword",
        "filename": "creek-tools/.secrets.baseline",
        "hashed_secret": "5aefc5ea1011be2daca2b6f185169b98f2c6a56f",
        "is_verified": false,
        "line_number": 357
      },
      {
        "type": "Hex High Entropy String",
        "filename": "creek-tools/.secrets.baseline",
        "hashed_secret": "b2c2a9ca41e220a80237ea3f484b92af0b7c7223",
        "is_verified": false,
        "line_number": 371
      },
      {
        "type": "Secret Keyword",
        "filename": "creek-tools/.secrets.baseline",
        "hashed_secret": "b2c2a9ca41e220a80237ea3f484b92af0b7c7223",
        "is_verified": false,
        "line_number": 371
      },
      {
        "type": "Hex High Entropy String",
        "filename": "creek-tools/.secrets.baseline",
        "hashed_secret": "39dc8ba28bcf86249d4ba7e4ac0595ba69a57a6d",
        "is_verified": false,
        "line_number": 385
      },
      {
        "type": "Secret Keyword",
        "filename": "creek-tools/.secrets.baseline",
        "hashed_secret": "39dc8ba28bcf86249d4ba7e4ac0595ba69a57a6d",
        "is_verified": false,
        "line_number": 385
      },
      {
        "type": "Hex High Entropy String",
        "filename": "creek-tools/.secrets.baseline",
        "hashed_secret": "f6329ba74530bee851ea8d87c5d4dc14bca2a717",
        "is_verified": false,
        "line_number": 399
      },
      {
        "type": "Secret Keyword",
        "filename": "creek-tools/.secrets.baseline",
        "hashed_secret": "f6329ba74530bee851ea8d87c5d4dc14bca2a717",
        "is_verified": false,
        "line_number": 399
      },
      {
        "type": "Hex High Entropy String",
        "filename": "creek-tools/.secrets.baseline",
        "hashed_secret": "40dac9bd94cbaa37ed082d019e85257c5982b47b",
        "is_verified": false,
        "line_number": 413
      },
      {
        "type": "Secret Keyword",
        "filename": "creek-tools/.secrets.baseline",
        "hashed_secret": "40dac9bd94cbaa37ed082d019e85257c5982b47b",
        "is_verified": false,
        "line_number": 413
      },
      {
        "type": "Hex High Entropy String",
        "filename": "creek-tools/.secrets.baseline",
        "hashed_secret": "04c037bc2ffa45c260802cd8d017b225b7f6efe8",
        "is_verified": false,
        "line_number": 427
      },
      {
        "type": "Secret Keyword",
        "filename": "creek-tools/.secrets.baseline",
        "hashed_secret": "04c037bc2ffa45c260802cd8d017b225b7f6efe8",
        "is_verified": false,
        "line_number": 427
      },
      {
        "type": "Hex High Entropy String",
        "filename": "creek-tools/.secrets.baseline",
        "hashed_secret": "c90dfe064172742035c601d4f8c10a7bd16481e9",
        "is_verified": false,
        "line_number": 441
      },
      {
        "type": "Secret Keyword",
        "filename": "creek-tools/.secrets.baseline",
        "hashed_secret": "c90dfe064172742035c601d4f8c10a7bd16481e9",
        "is_verified": false,
        "line_number": 441
      },
      {
        "type": "Hex High Entropy String",
        "filename": "creek-tools/.secrets.baseline",
        "hashed_secret": "875105125a2f139ea2eb22cb84617421f548c582",
        "is_verified": false,
        "line_number": 455
      },
      {
        "type": "Secret Keyword",
        "filename": "creek-tools/.secrets.baseline",
        "hashed_secret": "875105125a2f139ea2eb22cb84617421f548c582",
        "is_verified": false,
        "line_number": 455
      },
      {
        "type": "Hex High Entropy String",
        "filename": "creek-tools/.secrets.baseline",
        "hashed_secret": "4446f23292e707eda663a7711377378e1a9705e0",
        "is_verified": false,
        "line_number": 469
      },
      {
        "type": "Secret Keyword",
        "filename": "creek-tools/.secrets.baseline",
        "hashed_secret": "4446f23292e707eda663a7711377378e1a9705e0",
        "is_verified": false,
        "line_number": 469
      },
      {
        "type": "Hex High Entropy String",
        "filename": "creek-tools/.secrets.baseline",
        "hashed_secret": "d2b052a20b1ad816d358e15ac364b28c89035df1",
        "is_verified": false,
        "line_number": 483
      },
      {
        "type": "Secret Keyword",
        "filename": "creek-tools/.secrets.baseline",
        "hashed_secret": "d2b052a20b1ad816d358e15ac364b28c89035df1",
        "is_verified": false,
        "line_number": 483
      },
      {
        "type": "Hex High Entropy String",
        "filename": "creek-tools/.secrets.baseline",
        "hashed_secret": "a82b02889b6af2977f2694a90326641ddd826d82",
        "is_verified": false,
        "line_number": 497
      },
      {
        "type": "Secret Keyword",
        "filename": "creek-tools/.secrets.baseline",
        "hashed_secret": "a82b02889b6af2977f2694a90326641ddd826d82",
        "is_verified": false,
        "line_number": 497
      },
      {
        "type": "Hex High Entropy String",
        "filename": "creek-tools/.secrets.baseline",
        "hashed_secret": "6ecd47403e0d97b943ca6a4f19b7e097b8ad44e3",
        "is_verified": false,
        "line_number": 511
      },
      {
        "type": "Secret Keyword",
        "filename": "creek-tools/.secrets.baseline",
        "hashed_secret": "6ecd47403e0d97b943ca6a4f19b7e097b8ad44e3",
        "is_verified": false,
        "line_number": 511
      },
      {
        "type": "Hex High Entropy String",
        "filename": "creek-tools/.secrets.baseline",
        "hashed_secret": "c6a65e916e0b01b0bd229431bef143299e63edf9",
        "is_verified": false,
        "line_number": 525
      },
      {
        "type": "Secret Keyword",
        "filename": "creek-tools/.secrets.baseline",
        "hashed_secret": "c6a65e916e0b01b0bd229431bef143299e63edf9",
        "is_verified": false,
        "line_number": 525
      },
      {
        "type": "Hex High Entropy String",
        "filename": "creek-tools/.secrets.baseline",
        "hashed_secret": "9f0cea9466e97529b09e8a25ac3b5da9aab17672",
        "is_verified": false,
        "line_number": 539
      },
      {
        "type": "Secret Keyword",
        "filename": "creek-tools/.secrets.baseline",
        "hashed_secret": "9f0cea9466e97529b09e8a25ac3b5da9aab17672",
        "is_verified": false,
        "line_number": 539
      },
      {
        "type": "Hex High Entropy String",
        "filename": "creek-tools/.secrets.baseline",
        "hashed_secret": "84cb15079fe0d9e19e01a8526f9602be9fa10e3c",
        "is_verified": false,
        "line_number": 553
      },
      {
        "type": "Secret Keyword",
        "filename": "creek-tools/.secrets.baseline",
        "hashed_secret": "84cb15079fe0d9e19e01a8526f9602be9fa10e3c",
        "is_verified": false,
        "line_number": 553
      },
      {
        "type": "Hex High Entropy String",
        "filename": "creek-tools/.secrets.baseline",
        "hashed_secret": "8e4a621fd5f993bb70bf65ee60c1314c97c25b3b",
        "is_verified": false,
        "line_number": 567
      },
      {
        "type": "Secret Keyword",
        "filename": "creek-tools/.secrets.baseline",
        "hashed_secret": "8e4a621fd5f993bb70bf65ee60c1314c97c25b3b",
        "is_verified": false,
        "line_number": 567
      },
      {
        "type": "Hex High Entropy String",
        "filename": "creek-tools/.secrets.baseline",
        "hashed_secret": "5226ef8e2fd42b67060529b984515f34fffd66fa",
        "is_verified": false,
        "line_number": 581
      },
      {
        "type": "Secret Keyword",
        "filename": "creek-tools/.secrets.baseline",
        "hashed_secret": "5226ef8e2fd42b67060529b984515f34fffd66fa",
        "is_verified": false,
        "line_number": 581
      },
      {
        "type": "Hex High Entropy String",
        "filename": "creek-tools/.secrets.baseline",
        "hashed_secret": "e450da029e91847f95fc7767ab3cf522854f3e70",
        "is_verified": false,
        "line_number": 595
      },
      {
        "type": "Secret Keyword",
        "filename": "creek-tools/.secrets.baseline",
        "hashed_secret": "e450da029e91847f95fc7767ab3cf522854f3e70",
        "is_verified": false,
        "line_number": 595
      },
      {
        "type": "Hex High Entropy String",
        "filename": "creek-tools/.secrets.baseline",
        "hashed_secret": "0eefcf1ba9b55810725120926cec0be786296e04",
        "is_verified": false,
        "line_number": 609
      },
      {
        "type": "Secret Keyword",
        "filename": "creek-tools/.secrets.baseline",
        "hashed_secret": "0eefcf1ba9b55810725120926cec0be786296e04",
        "is_verified": false,
        "line_number": 609
      },
      {
        "type": "Hex High Entropy String",
        "filename": "creek-tools/.secrets.baseline",
        "hashed_secret": "7025b29144a672c8525aa56bcf199f299b497e5d",
        "is_verified": false,
        "line_number": 623
      },
      {
        "type": "Secret Keyword",
        "filename": "creek-tools/.secrets.baseline",
        "hashed_secret": "7025b29144a672c8525aa56bcf199f299b497e5d",
        "is_verified": false,
        "line_number": 623
      },
      {
        "type": "Hex High Entropy String",
        "filename": "creek-tools/.secrets.baseline",
        "hashed_secret": "d62706bc7438700091e8b11dbdfd2cedf9939700",
        "is_verified": false,
        "line_number": 637
      },
      {
        "type": "Secret Keyword",
        "filename": "creek-tools/.secrets.baseline",
        "hashed_secret": "d62706bc7438700091e8b11dbdfd2cedf9939700",
        "is_verified": false,
        "line_number": 637
      },
      {
        "type": "Hex High Entropy String",
        "filename": "creek-tools/.secrets.baseline",
        "hashed_secret": "bf3cbaf5229363be80456d887173fb3a4f2178da",
        "is_verified": false,
        "line_number": 651
      },
      {
        "type": "Secret Keyword",
        "filename": "creek-tools/.secrets.baseline",
        "hashed_secret": "bf3cbaf5229363be80456d887173fb3a4f2178da",
        "is_verified": false,
        "line_number": 651
      },
      {
        "type": "Hex High Entropy String",
        "filename": "creek-tools/.secrets.baseline",
        "hashed_secret": "deabcc2d1d39f59cd434bf44032db7f58d3d5810",
        "is_verified": false,
        "line_number": 665
      },
      {
        "type": "Secret Keyword",
        "filename": "creek-tools/.secrets.baseline",
        "hashed_secret": "deabcc2d1d39f59cd434bf44032db7f58d3d5810",
        "is_verified": false,
        "line_number": 665
      },
      {
        "type": "Hex High Entropy String",
        "filename": "creek-tools/.secrets.baseline",
        "hashed_secret": "2f49122b87231d04d9967213283dd8b8745967a2",
        "is_verified": false,
        "line_number": 679
      },
      {
        "type": "Secret Keyword",
        "filename": "creek-tools/.secrets.baseline",
        "hashed_secret": "2f49122b87231d04d9967213283dd8b8745967a2",
        "is_verified": false,
        "line_number": 679
      },
      {
        "type": "Hex High Entropy String",
        "filename": "creek-tools/.secrets.baseline",
        "hashed_secret": "689587b902ae5bce8d586a0b7db084e49a6c71d9",
        "is_verified": false,
        "line_number": 693
      },
      {
        "type": "Secret Keyword",
        "filename": "creek-tools/.secrets.baseline",
        "hashed_secret": "689587b902ae5bce8d586a0b7db084e49a6c71d9",
        "is_verified": false,
        "line_number": 693
      },
      {
        "type": "Hex High Entropy String",
        "filename": "creek-tools/.secrets.baseline",
        "hashed_secret": "98782f18329267978c2591b2a97ce51e0e76fcc9",
        "is_verified": false,
        "line_number": 707
      },
      {
        "type": "Secret Keyword",
        "filename": "creek-tools/.secrets.baseline",
        "hashed_secret": "98782f18329267978c2591b2a97ce51e0e76fcc9",
        "is_verified": false,
        "line_number": 707
      },
      {
        "type": "Hex High Entropy String",
        "filename": "creek-tools/.secrets.baseline",
        "hashed_secret": "22a68285e840b6746b191981896bfaa262bc440c",
        "is_verified": false,
        "line_number": 721
      },
      {
        "type": "Secret Keyword",
        "filename": "creek-tools/.secrets.baseline",
        "hashed_secret": "22a68285e840b6746b191981896bfaa262bc440c",
        "is_verified": false,
        "line_number": 721
      },
      {
        "type": "Hex High Entropy String",
        "filename": "creek-tools/.secrets.baseline",
        "hashed_secret": "31f6ff826138692300882b1d6b36b6e017e49e87",
        "is_verified": false,
        "line_number": 735
      },
      {
        "type": "Secret Keyword",
        "filename": "creek-tools/.secrets.baseline",
        "hashed_secret": "31f6ff826138692300882b1d6b36b6e017e49e87",
        "is_verified": false,
        "line_number": 735
      },
      {
        "type": "Hex High Entropy String",
        "filename": "creek-tools/.secrets.baseline",
        "hashed_secret": "28d40dda9d81bc16d5f421ec0dc84b2928f0c59b",
        "is_verified": false,
        "line_number": 749
      },
      {
        "type": "Secret Keyword",
        "filename": "creek-tools/.secrets.baseline",
        "hashed_secret": "28d40dda9d81bc16d5f421ec0dc84b2928f0c59b",
        "is_verified": false,
        "line_number": 749
      },
      {
        "type": "Hex High Entropy String",
        "filename": "creek-tools/.secrets.baseline",
        "hashed_secret": "6fd5936849a1a85848b7af7010b0494c3873ad65",
        "is_verified": false,
        "line_number": 763
      },
      {
        "type": "Secret Keyword",
        "filename": "creek-tools/.secrets.baseline",
        "hashed_secret": "6fd5936849a1a85848b7af7010b0494c3873ad65",
        "is_verified": false,
        "line_number": 763
      },
      {
        "type": "Hex High Entropy String",
        "filename": "creek-tools/.secrets.baseline",
        "hashed_secret": "4d99809ebab40e87156e0b6011b372dfa6044012",
        "is_verified": false,
        "line_number": 777
      },
      {
        "type": "Secret Keyword",
        "filename": "creek-tools/.secrets.baseline",
        "hashed_secret": "4d99809ebab40e87156e0b6011b372dfa6044012",
        "is_verified": false,
        "line_number": 777
      },
      {
        "type": "Hex High Entropy String",
        "filename": "creek-tools/.secrets.baseline",
        "hashed_secret": "ed18cbd0d1a6dec1907fbff3b0f1b0257250d82a",
        "is_verified": false,
        "line_number": 791
      },
      {
        "type": "Secret Keyword",
        "filename": "creek-tools/.secrets.baseline",
        "hashed_secret": "ed18cbd0d1a6dec1907fbff3b0f1b0257250d82a",
        "is_verified": false,
        "line_number": 791
      },
      {
        "type": "Hex High Entropy String",
        "filename": "creek-tools/.secrets.baseline",
        "hashed_secret": "9640eadbde01d8e1749d297de6385d18d2017a3f",
        "is_verified": false,
        "line_number": 805
      },
      {
        "type": "Secret Keyword",
        "filename": "creek-tools/.secrets.baseline",
        "hashed_secret": "9640eadbde01d8e1749d297de6385d18d2017a3f",
        "is_verified": false,
        "line_number": 805
      },
      {
        "type": "Hex High Entropy String",
        "filename": "creek-tools/.secrets.baseline",
        "hashed_secret": "d6ea71b5816f4377603963cdd6a37467ba960603",
        "is_verified": false,
        "line_number": 819
      },
      {
        "type": "Secret Keyword",
        "filename": "creek-tools/.secrets.baseline",
        "hashed_secret": "d6ea71b5816f4377603963cdd6a37467ba960603",
        "is_verified": false,
        "line_number": 819
      },
      {
        "type": "Hex High Entropy String",
        "filename": "creek-tools/.secrets.baseline",
        "hashed_secret": "6bcff0a69fb55691d8f6e7bd07c4558b1bb1b3e0",
        "is_verified": false,
        "line_number": 833
      },
      {
        "type": "Secret Keyword",
        "filename": "creek-tools/.secrets.baseline",
        "hashed_secret": "6bcff0a69fb55691d8f6e7bd07c4558b1bb1b3e0",
        "is_verified": false,
        "line_number": 833
      },
      {
        "type": "Hex High Entropy String",
        "filename": "creek-tools/.secrets.baseline",
        "hashed_secret": "a39602e8b928843e371644b217b27edc114d216c",
        "is_verified": false,
        "line_number": 847
      },
      {
        "type": "Secret Keyword",
        "filename": "creek-tools/.secrets.baseline",
        "hashed_secret": "a39602e8b928843e371644b217b27edc114d216c",
        "is_verified": false,
        "line_number": 847
      },
      {
        "type": "Hex High Entropy String",
        "filename": "creek-tools/.secrets.baseline",
        "hashed_secret": "cabff44f8a0e1924d858ba64e7d34a633ae65a22",
        "is_verified": false,
        "line_number": 861
      },
      {
        "type": "Secret Keyword",
        "filename": "creek-tools/.secrets.baseline",
        "hashed_secret": "cabff44f8a0e1924d858ba64e7d34a633ae65a22",
        "is_verified": false,
        "line_number": 861
      },
      {
        "type": "Hex High Entropy String",
        "filename": "creek-tools/.secrets.baseline",
        "hashed_secret": "20ec49c691aa924ba104efaed99075e7709641eb",
        "is_verified": false,
        "line_number": 875
      },
      {
        "type": "Secret Keyword",
        "filename": "creek-tools/.secrets.baseline",
        "hashed_secret": "20ec49c691aa924ba104efaed99075e7709641eb",
        "is_verified": false,
        "line_number": 875
      },
      {
        "type": "Hex High Entropy String",
        "filename": "creek-tools/.secrets.baseline",
        "hashed_secret": "dbc5438973648af7ea770721e7a9c65da30f8039",
        "is_verified": false,
        "line_number": 889
      },
      {
        "type": "Secret Keyword",
        "filename": "creek-tools/.secrets.baseline",
        "hashed_secret": "dbc5438973648af7ea770721e7a9c65da30f8039",
        "is_verified": false,
        "line_number": 889
      },
      {
        "type": "Hex High Entropy String",
        "filename": "creek-tools/.secrets.baseline",
        "hashed_secret": "509dec6a9315089946db757aaef3025025669b54",
        "is_verified": false,
        "line_number": 903
      },
      {
        "type": "Secret Keyword",
        "filename": "creek-tools/.secrets.baseline",
        "hashed_secret": "509dec6a9315089946db757aaef3025025669b54",
        "is_verified": false,
        "line_number": 903
      },
      {
        "type": "Hex High Entropy String",
        "filename": "creek-tools/.secrets.baseline",
        "hashed_secret": "739905311a11378fc2522e3bb6ef726a530c9f68",
        "is_verified": false,
        "line_number": 917
      },
      {
        "type": "Secret Keyword",
        "filename": "creek-tools/.secrets.baseline",
        "hashed_secret": "739905311a11378fc2522e3bb6ef726a530c9f68",
        "is_verified": false,
        "line_number": 917
      },
      {
        "type": "Hex High Entropy String",
        "filename": "creek-tools/.secrets.baseline",
        "hashed_secret": "43003d5824d303b3a1f02c7c0a83b48da2dc532f",
        "is_verified": false,
        "line_number": 931
      },
      {
        "type": "Secret Keyword",
        "filename": "creek-tools/.secrets.baseline",
        "hashed_secret": "43003d5824d303b3a1f02c7c0a83b48da2dc532f",
        "is_verified": false,
        "line_number": 931
      },
      {
        "type": "Hex High Entropy String",
        "filename": "creek-tools/.secrets.baseline",
        "hashed_secret": "ad623d83c3fb7a3930ce487d265950f0e0a9cb9b",
        "is_verified": false,
        "line_number": 945
      },
      {
        "type": "Secret Keyword",
        "filename": "creek-tools/.secrets.baseline",
        "hashed_secret": "ad623d83c3fb7a3930ce487d265950f0e0a9cb9b",
        "is_verified": false,
        "line_number": 945
      },
      {
        "type": "Hex High Entropy String",
        "filename": "creek-tools/.secrets.baseline",
        "hashed_secret": "c78e4624f3333a61706bc7fc3137c6a1fc4f5ee3",
        "is_verified": false,
        "line_number": 959
      },
      {
        "type": "Secret Keyword",
        "filename": "creek-tools/.secrets.baseline",
        "hashed_secret": "c78e4624f3333a61706bc7fc3137c6a1fc4f5ee3",
        "is_verified": false,
        "line_number": 959
      },
      {
        "type": "Hex High Entropy String",
        "filename": "creek-tools/.secrets.baseline",
        "hashed_secret": "91c490468d9fee40fdc87a34a699bef868f6f19b",
        "is_verified": false,
        "line_number": 973
      },
      {
        "type": "Secret Keyword",
        "filename": "creek-tools/.secrets.baseline",
        "hashed_secret": "91c490468d9fee40fdc87a34a699bef868f6f19b",
        "is_verified": false,
        "line_number": 973
      },
      {
        "type": "Hex High Entropy String",
        "filename": "creek-tools/.secrets.baseline",
        "hashed_secret": "cfeb1e3e1244155ab81f312d2688bcbe68f8fa3d",
        "is_verified": false,
        "line_number": 987
      },
      {
        "type": "Secret Keyword",
        "filename": "creek-tools/.secrets.baseline",
        "hashed_secret": "cfeb1e3e1244155ab81f312d2688bcbe68f8fa3d",
        "is_verified": false,
        "line_number": 987
      },
      {
        "type": "Hex High Entropy String",
        "filename": "creek-tools/.secrets.baseline",
        "hashed_secret": "49b7d042664b88877c61bf06794becc7d5c01641",
        "is_verified": false,
        "line_number": 1001
      },
      {
        "type": "Secret Keyword",
        "filename": "creek-tools/.secrets.baseline",
        "hashed_secret": "49b7d042664b88877c61bf06794becc7d5c01641",
        "is_verified": false,
        "line_number": 1001
      },
      {
        "type": "Hex High Entropy String",
        "filename": "creek-tools/.secrets.baseline",
        "hashed_secret": "944cb050b76a48db2281575a33d67656e6dc67f9",
        "is_verified": false,
        "line_number": 1015
      },
      {
        "type": "Secret Keyword",
        "filename": "creek-tools/.secrets.baseline",
        "hashed_secret": "944cb050b76a48db2281575a33d67656e6dc67f9",
        "is_verified": false,
        "line_number": 1015
      },
      {
        "type": "Hex High Entropy String",
        "filename": "creek-tools/.secrets.baseline",
        "hashed_secret": "abcd4c89d8a8a3ba63b1574d0d1e93847be41fef",
        "is_verified": false,
        "line_number": 1029
      },
      {
        "type": "Secret Keyword",
        "filename": "creek-tools/.secrets.baseline",
        "hashed_secret": "abcd4c89d8a8a3ba63b1574d0d1e93847be41fef",
        "is_verified": false,
        "line_number": 1029
      },
      {
        "type": "Hex High Entropy String",
        "filename": "creek-tools/.secrets.baseline",
        "hashed_secret": "67cfd7b3f153bfb5851348512264df26ccf86acd",
        "is_verified": false,
        "line_number": 1043
      },
      {
        "type": "Secret Keyword",
        "filename": "creek-tools/.secrets.baseline",
        "hashed_secret": "67cfd7b3f153bfb5851348512264df26ccf86acd",
        "is_verified": false,
        "line_number": 1043
      },
      {
        "type": "Hex High Entropy String",
        "filename": "creek-tools/.secrets.baseline",
        "hashed_secret": "ea89cf0605900a274000575fc1845d6a46eac27a",
        "is_verified": false,
        "line_number": 1057
      },
      {
        "type": "Secret Keyword",
        "filename": "creek-tools/.secrets.baseline",
        "hashed_secret": "ea89cf0605900a274000575fc1845d6a46eac27a",
        "is_verified": false,
        "line_number": 1057
      },
      {
        "type": "Hex High Entropy String",
        "filename": "creek-tools/.secrets.baseline",
        "hashed_secret": "0bb7a8103eedab6b8f0ef7c930213613dd7f6413",
        "is_verified": false,
        "line_number": 1073
      },
      {
        "type": "Secret Keyword",
        "filename": "creek-tools/.secrets.baseline",
        "hashed_secret": "0bb7a8103eedab6b8f0ef7c930213613dd7f6413",
        "is_verified": false,
        "line_number": 1073
      },
      {
        "type": "Hex High Entropy String",
        "filename": "creek-tools/.secrets.baseline",
        "hashed_secret": "84d5ee73341cdc7dee0743406e39e43cd531b75e",
        "is_verified": false,
        "line_number": 1082
      },
      {
        "type": "Secret Keyword",
        "filename": "creek-tools/.secrets.baseline",
        "hashed_secret": "84d5ee73341cdc7dee0743406e39e43cd531b75e",
        "is_verified": false,
        "line_number": 1082
      },
      {
        "type": "Hex High Entropy String",
        "filename": "creek-tools/.secrets.baseline",
        "hashed_secret": "1ad9a77d6b9bd2d6d00af9893626315bc7023045",
        "is_verified": false,
        "line_number": 1089
      },
      {
        "type": "Secret Keyword",
        "filename": "creek-tools/.secrets.baseline",
        "hashed_secret": "1ad9a77d6b9bd2d6d00af9893626315bc7023045",
        "is_verified": false,
        "line_number": 1089
      },
      {
        "type": "Hex High Entropy String",
        "filename": "creek-tools/.secrets.baseline",
        "hashed_secret": "6b395cf14fa851bcd3ae684ef975b4d729104221",
        "is_verified": false,
        "line_number": 1096
      },
      {
        "type": "Secret Keyword",
        "filename": "creek-tools/.secrets.baseline",
        "hashed_secret": "6b395cf14fa851bcd3ae684ef975b4d729104221",
        "is_verified": false,
        "line_number": 1096
      },
      {
        "type": "Hex High Entropy String",
        "filename": "creek-tools/.secrets.baseline",
        "hashed_secret": "290fc8f601ff231b7c526d4a5f9298fedc02cd19",
        "is_verified": false,
        "line_number": 1103
      },
      {
        "type": "Secret Keyword",
        "filename": "creek-tools/.secrets.baseline",
        "hashed_secret": "290fc8f601ff231b7c526d4a5f9298fedc02cd19",
        "is_verified": false,
        "line_number": 1103
      },
      {
        "type": "Hex High Entropy String",
        "filename": "creek-tools/.secrets.baseline",
        "hashed_secret": "6dd1e4004237342bb60590f54a0eb01bb9e44267",
        "is_verified": false,
        "line_number": 1110
      },
      {
        "type": "Secret Keyword",
        "filename": "creek-tools/.secrets.baseline",
        "hashed_secret": "6dd1e4004237342bb60590f54a0eb01bb9e44267",
        "is_verified": false,
        "line_number": 1110
      },
      {
        "type": "Hex High Entropy String",
        "filename": "creek-tools/.secrets.baseline",
        "hashed_secret": "511c8a57f43721594915bb1f45be5137fe5ebcd5",
        "is_verified": false,
        "line_number": 1117
      },
      {
        "type": "Secret Keyword",
        "filename": "creek-tools/.secrets.baseline",
        "hashed_secret": "511c8a57f43721594915bb1f45be5137fe5ebcd5",
        "is_verified": false,
        "line_number": 1117
      },
      {
        "type": "Hex High Entropy String",
        "filename": "creek-tools/.secrets.baseline",
        "hashed_secret": "bb2a6a9e73e8c84921eab20e45871db05069d920",
        "is_verified": false,
        "line_number": 1124
      },
      {
        "type": "Secret Keyword",
        "filename": "creek-tools/.secrets.baseline",
        "hashed_secret": "bb2a6a9e73e8c84921eab20e45871db05069d920",
        "is_verified": false,
        "line_number": 1124
      },
      {
        "type": "Hex High Entropy String",
        "filename": "creek-tools/.secrets.baseline",
        "hashed_secret": "4695e0c71e25aeb7fe6a0c324d7bea31a4576d2b",
        "is_verified": false,
        "line_number": 1131
      },
      {
        "type": "Secret Keyword",
        "filename": "creek-tools/.secrets.baseline",
        "hashed_secret": "4695e0c71e25aeb7fe6a0c324d7bea31a4576d2b",
        "is_verified": false,
        "line_number": 1131
      },
      {
        "type": "Hex High Entropy String",
        "filename": "creek-tools/.secrets.baseline",
        "hashed_secret": "2fb1d48d7a0a7e7167b2ae067b630ff863651aad",
        "is_verified": false,
        "line_number": 1138
      },
      {
        "type": "Secret Keyword",
        "filename": "creek-tools/.secrets.baseline",
        "hashed_secret": "2fb1d48d7a0a7e7167b2ae067b630ff863651aad",
        "is_verified": false,
        "line_number": 1138
      },
      {
        "type": "Hex High Entropy String",
        "filename": "creek-tools/.secrets.baseline",
        "hashed_secret": "69a3e16ece00cd7ae8e3a6a87ed3ee690cd525c4",
        "is_verified": false,
        "line_number": 1145
      },
      {
        "type": "Secret Keyword",
        "filename": "creek-tools/.secrets.baseline",
        "hashed_secret": "69a3e16ece00cd7ae8e3a6a87ed3ee690cd525c4",
        "is_verified": false,
        "line_number": 1145
      },
      {
        "type": "Hex High Entropy String",
        "filename": "creek-tools/.secrets.baseline",
        "hashed_secret": "df724006b53e7e2d0f8ae22e2b01e3bc82f68295",
        "is_verified": false,
        "line_number": 1152
      },
      {
        "type": "Secret Keyword",
        "filename": "creek-tools/.secrets.baseline",
        "hashed_secret": "df724006b53e7e2d0f8ae22e2b01e3bc82f68295",
        "is_verified": false,
        "line_number": 1152
      },
      {
        "type": "Hex High Entropy String",
        "filename": "creek-tools/.secrets.baseline",
        "hashed_secret": "f81908a4ab817e99a49d790e65f14447b948db43",
        "is_verified": false,
        "line_number": 1166
      },
      {
        "type": "Secret Keyword",
        "filename": "creek-tools/.secrets.baseline",
        "hashed_secret": "f81908a4ab817e99a49d790e65f14447b948db43",
        "is_verified": false,
        "line_number": 1166
      },
      {
        "type": "Hex High Entropy String",
        "filename": "creek-tools/.secrets.baseline",
        "hashed_secret": "80e316f4aec279cd1c4fab008dbcf1d0029d71a5",
        "is_verified": false,
        "line_number": 1180
      },
      {
        "type": "Secret Keyword",
        "filename": "creek-tools/.secrets.baseline",
        "hashed_secret": "80e316f4aec279cd1c4fab008dbcf1d0029d71a5",
        "is_verified": false,
        "line_number": 1180
      },
      {
        "type": "Hex High Entropy String",
        "filename": "creek-tools/.secrets.baseline",
        "hashed_secret": "08089b4ed8c70ccd5d9b1bb558fc4eb81413d86d",
        "is_verified": false,
        "line_number": 1198
      },
      {
        "type": "Secret Keyword",
        "filename": "creek-tools/.secrets.baseline",
        "hashed_secret": "08089b4ed8c70ccd5d9b1bb558fc4eb81413d86d",
        "is_verified": false,
        "line_number": 1198
      }
    ],
    "creek-tools/tests/test_cli_redact.py": [
      {
        "type": "Base64 High Entropy String",
        "filename": "creek-tools/tests/test_cli_redact.py",
        "hashed_secret": "d4dc38eaefccfda1929b8758d71346eb43214610",
        "is_verified": false,
        "line_number": 42
      }
    ],
    "creek-tools/tests/test_redact.py": [
      {
        "type": "AWS Access Key",
        "filename": "creek-tools/tests/test_redact.py",
        "hashed_secret": "25910f981e85ca04baf359199dd0bd4a3ae738b6",
        "is_verified": false,
        "line_number": 64
      },
      {
        "type": "Secret Keyword",
        "filename": "creek-tools/tests/test_redact.py",
        "hashed_secret": "f3bbbd66a63d4bf1747940578ec3d0103530e21d",
        "is_verified": false,
        "line_number": 79
      },
      {
        "type": "Hex High Entropy String",
        "filename": "creek-tools/tests/test_redact.py",
        "hashed_secret": "90bd1b48e958257948487b90bee080ba5ed00caa",
        "is_verified": false,
        "line_number": 128
      },
      {
        "type": "Secret Keyword",
        "filename": "creek-tools/tests/test_redact.py",
        "hashed_secret": "bbc5def5ff61d2066dee44345c9cbd3f1446d78a",
        "is_verified": false,
        "line_number": 666
      },
      {
        "type": "Secret Keyword",
        "filename": "creek-tools/tests/test_redact.py",
        "hashed_secret": "61cd1d7dff92b5087b154f273da269a6d11ed142",
        "is_verified": false,
        "line_number": 681
      },
      {
        "type": "Private Key",
        "filename": "creek-tools/tests/test_redact.py",
        "hashed_secret": "1348b145fa1a555461c1b790a2f66614781091e9",
        "is_verified": false,
        "line_number": 786
      },
      {
        "type": "Private Key",
        "filename": "creek-tools/tests/test_redact.py",
        "hashed_secret": "be4fc4886bd949b369d5e092eb87494f12e57e5b",
        "is_verified": false,
        "line_number": 787
      },
      {
        "type": "Private Key",
        "filename": "creek-tools/tests/test_redact.py",
        "hashed_secret": "f0778f3e140a61d5bbbed5430773e52af2f5fba4",
        "is_verified": false,
        "line_number": 788
      },
      {
        "type": "Private Key",
        "filename": "creek-tools/tests/test_redact.py",
        "hashed_secret": "27c6929aef41ae2bcadac15ca6abcaff72cda9cd",
        "is_verified": false,
        "line_number": 789
      },
      {
        "type": "Slack Token",
        "filename": "creek-tools/tests/test_redact.py",
        "hashed_secret": "4b2a65e92397c0fac2298f2e3972344478b2981d",
        "is_verified": false,
        "line_number": 832
      },
      {
        "type": "Base64 High Entropy String",
        "filename": "creek-tools/tests/test_redact.py",
        "hashed_secret": "5e6fa1b130037d9f29038e19f75d437143d8438d",
        "is_verified": false,
        "line_number": 833
      },
      {
        "type": "Slack Token",
        "filename": "creek-tools/tests/test_redact.py",
        "hashed_secret": "5e6fa1b130037d9f29038e19f75d437143d8438d",
        "is_verified": false,
        "line_number": 833
      },
      {
        "type": "Base64 High Entropy String",
        "filename": "creek-tools/tests/test_redact.py",
        "hashed_secret": "13e06d39894e6b654641e50dbed99f2763c4ceba",
        "is_verified": false,
        "line_number": 834
      },
      {
        "type": "Slack Token",
        "filename": "creek-tools/tests/test_redact.py",
        "hashed_secret": "13e06d39894e6b654641e50dbed99f2763c4ceba",
        "is_verified": false,
        "line_number": 834
      },
      {
        "type": "JSON Web Token",
        "filename": "creek-tools/tests/test_redact.py",
        "hashed_secret": "92a800fa68609f76bfe58e926106352467d3ae8c",
        "is_verified": false,
        "line_number": 881
      }
    ],
    "plans/git-issues/BUG-004-pipeline-redaction-scans-but-never-applies.md": [
      {
        "type": "AWS Access Key",
        "filename": "plans/git-issues/BUG-004-pipeline-redaction-scans-but-never-applies.md",
        "hashed_secret": "25910f981e85ca04baf359199dd0bd4a3ae738b6",
        "is_verified": false,
        "line_number": 22
      }
    ],
    "plans/git-issues/SEC-003-redactor-symlink-claim-not-enforced.md": [
      {
        "type": "AWS Access Key",
        "filename": "plans/git-issues/SEC-003-redactor-symlink-claim-not-enforced.md",
        "hashed_secret": "1d5bc0e7232d07b336f4d35db4c0200142962f4a",
        "is_verified": false,
        "line_number": 22
      }
    ],
    "plans/prompts/2026-04-28/batch-D-redaction-patterns.md": [
      {
        "type": "AWS Access Key",
        "filename": "plans/prompts/2026-04-28/batch-D-redaction-patterns.md",
        "hashed_secret": "25910f981e85ca04baf359199dd0bd4a3ae738b6",
        "is_verified": false,
        "line_number": 99
      }
    ],
    "plans/prompts/2026-04-28/batch-F-ci-deps-tests.md": [
      {
        "type": "AWS Access Key",
        "filename": "plans/prompts/2026-04-28/batch-F-ci-deps-tests.md",
        "hashed_secret": "25910f981e85ca04baf359199dd0bd4a3ae738b6",
        "is_verified": false,
        "line_number": 113
      }
    ]
  },
  "generated_at": "2026-04-29T20:48:48Z"
}
