{
  "version": "1.5.0",
  "plugins_used": [
    {
      "name": "ArtifactoryDetector"
    },
    {
      "name": "AWSKeyDetector"
    },
    {
      "name": "AzureStorageKeyDetector"
    },
    {
      "name": "Base64HighEntropyString",
      "limit": 4.5
    },
    {
      "name": "BasicAuthDetector"
    },
    {
      "name": "CloudantDetector"
    },
    {
      "name": "DiscordBotTokenDetector"
    },
    {
      "name": "GitHubTokenDetector"
    },
    {
      "name": "GitLabTokenDetector"
    },
    {
      "name": "HexHighEntropyString",
      "limit": 3.0
    },
    {
      "name": "IbmCloudIamDetector"
    },
    {
      "name": "IbmCosHmacDetector"
    },
    {
      "name": "IPPublicDetector"
    },
    {
      "name": "JwtTokenDetector"
    },
    {
      "name": "KeywordDetector",
      "keyword_exclude": ""
    },
    {
      "name": "MailchimpDetector"
    },
    {
      "name": "NpmDetector"
    },
    {
      "name": "OpenAIDetector"
    },
    {
      "name": "PrivateKeyDetector"
    },
    {
      "name": "PypiTokenDetector"
    },
    {
      "name": "SendGridDetector"
    },
    {
      "name": "SlackDetector"
    },
    {
      "name": "SoftlayerDetector"
    },
    {
      "name": "SquareOAuthDetector"
    },
    {
      "name": "StripeDetector"
    },
    {
      "name": "TelegramBotTokenDetector"
    },
    {
      "name": "TwilioKeyDetector"
    }
  ],
  "filters_used": [
    {
      "path": "detect_secrets.filters.allowlist.is_line_allowlisted"
    },
    {
      "path": "detect_secrets.filters.common.is_baseline_file",
      "filename": "creek-tools/.secrets.baseline"
    },
    {
      "path": "detect_secrets.filters.common.is_ignored_due_to_verification_policies",
      "min_level": 2
    },
    {
      "path": "detect_secrets.filters.heuristic.is_indirect_reference"
    },
    {
      "path": "detect_secrets.filters.heuristic.is_likely_id_string"
    },
    {
      "path": "detect_secrets.filters.heuristic.is_lock_file"
    },
    {
      "path": "detect_secrets.filters.heuristic.is_not_alphanumeric_string"
    },
    {
      "path": "detect_secrets.filters.heuristic.is_potential_uuid"
    },
    {
      "path": "detect_secrets.filters.heuristic.is_prefixed_with_dollar_sign"
    },
    {
      "path": "detect_secrets.filters.heuristic.is_sequential_string"
    },
    {
      "path": "detect_secrets.filters.heuristic.is_swagger_file"
    },
    {
      "path": "detect_secrets.filters.heuristic.is_templated_secret"
    }
  ],
  "results": {
    ".claude/skills/documentation/references/go-patterns.md": [
      {
        "type": "Secret Keyword",
        "filename": ".claude/skills/documentation/references/go-patterns.md",
        "hashed_secret": "74f513eb6f61ab2a2263233597ada27c44a11262",
        "is_verified": false,
        "line_number": 21
      }
    ],
    ".claude/skills/error-handling/references/examples.md": [
      {
        "type": "Secret Keyword",
        "filename": ".claude/skills/error-handling/references/examples.md",
        "hashed_secret": "ecb252044b5ea0f679ee78ec1a12904739e2904d",
        "is_verified": false,
        "line_number": 86
      }
    ],
    ".claude/skills/security/references/patterns-by-language.md": [
      {
        "type": "Secret Keyword",
        "filename": ".claude/skills/security/references/patterns-by-language.md",
        "hashed_secret": "e4e6071ba48c5c0c20c1c1dc5325a3c7d8d6d1f3",
        "is_verified": false,
        "line_number": 66
      }
    ],
    ".claude/skills/testing/SKILL.md": [
      {
        "type": "Secret Keyword",
        "filename": ".claude/skills/testing/SKILL.md",
        "hashed_secret": "7288edd0fc3ffcbe93a0cf06e3568e28521687bc",
        "is_verified": false,
        "line_number": 55
      },
      {
        "type": "Secret Keyword",
        "filename": ".claude/skills/testing/SKILL.md",
        "hashed_secret": "a94a8fe5ccb19ba61c4c0873d391e987982fbbd3",
        "is_verified": false,
        "line_number": 83
      }
    ],
    ".claude/skills/testing/references/examples.md": [
      {
        "type": "Secret Keyword",
        "filename": ".claude/skills/testing/references/examples.md",
        "hashed_secret": "6367c48dd193d56ea7b0baad25b19455e529f5ee",
        "is_verified": false,
        "line_number": 14
      },
      {
        "type": "Secret Keyword",
        "filename": ".claude/skills/testing/references/examples.md",
        "hashed_secret": "f04a07abc612388d70e270d19f9f5db7a27290fc",
        "is_verified": false,
        "line_number": 42
      }
    ],
    ".claude/skills/testing/references/patterns-by-language.md": [
      {
        "type": "Secret Keyword",
        "filename": ".claude/skills/testing/references/patterns-by-language.md",
        "hashed_secret": "b9615cef6cff3572af1365ff44c8b92ea9266f3e",
        "is_verified": false,
        "line_number": 9
      },
      {
        "type": "Secret Keyword",
        "filename": ".claude/skills/testing/references/patterns-by-language.md",
        "hashed_secret": "a94a8fe5ccb19ba61c4c0873d391e987982fbbd3",
        "is_verified": false,
        "line_number": 69
      },
      {
        "type": "Secret Keyword",
        "filename": ".claude/skills/testing/references/patterns-by-language.md",
        "hashed_secret": "a62f2225bf70bfaccbc7f1ef2a397836717377de",
        "is_verified": false,
        "line_number": 113
      },
      {
        "type": "Secret Keyword",
        "filename": ".claude/skills/testing/references/patterns-by-language.md",
        "hashed_secret": "7288edd0fc3ffcbe93a0cf06e3568e28521687bc",
        "is_verified": false,
        "line_number": 149
      }
    ],
    "creek-tools/.claude/skills/documentation.md": [
      {
        "type": "Secret Keyword",
        "filename": "creek-tools/.claude/skills/documentation.md",
        "hashed_secret": "11fa7c37d697f30e6aee828b4426a10f83ab2380",
        "is_verified": false,
        "line_number": 358
      },
      {
        "type": "Secret Keyword",
        "filename": "creek-tools/.claude/skills/documentation.md",
        "hashed_secret": "74f513eb6f61ab2a2263233597ada27c44a11262",
        "is_verified": false,
        "line_number": 491
      }
    ],
    "creek-tools/.claude/skills/error-handling.md": [
      {
        "type": "Secret Keyword",
        "filename": "creek-tools/.claude/skills/error-handling.md",
        "hashed_secret": "ecb252044b5ea0f679ee78ec1a12904739e2904d",
        "is_verified": false,
        "line_number": 708
      }
    ],
    "creek-tools/.claude/skills/security.md": [
      {
        "type": "Secret Keyword",
        "filename": "creek-tools/.claude/skills/security.md",
        "hashed_secret": "e4e6071ba48c5c0c20c1c1dc5325a3c7d8d6d1f3",
        "is_verified": false,
        "line_number": 286
      },
      {
        "type": "Secret Keyword",
        "filename": "creek-tools/.claude/skills/security.md",
        "hashed_secret": "0b1f2a7eb7c712eca1c2516a53be0aae44662378",
        "is_verified": false,
        "line_number": 795
      },
      {
        "type": "Secret Keyword",
        "filename": "creek-tools/.claude/skills/security.md",
        "hashed_secret": "f865b53623b121fd34ee5426c792e5c33af8c227",
        "is_verified": false,
        "line_number": 796
      }
    ],
    "creek-tools/.claude/skills/testing.md": [
      {
        "type": "Secret Keyword",
        "filename": "creek-tools/.claude/skills/testing.md",
        "hashed_secret": "7288edd0fc3ffcbe93a0cf06e3568e28521687bc",
        "is_verified": false,
        "line_number": 29
      },
      {
        "type": "Secret Keyword",
        "filename": "creek-tools/.claude/skills/testing.md",
        "hashed_secret": "b9615cef6cff3572af1365ff44c8b92ea9266f3e",
        "is_verified": false,
        "line_number": 85
      },
      {
        "type": "Secret Keyword",
        "filename": "creek-tools/.claude/skills/testing.md",
        "hashed_secret": "00942f4668670f34c5943cf52c7ef3139fe2b8d6",
        "is_verified": false,
        "line_number": 162
      },
      {
        "type": "Secret Keyword",
        "filename": "creek-tools/.claude/skills/testing.md",
        "hashed_secret": "a94a8fe5ccb19ba61c4c0873d391e987982fbbd3",
        "is_verified": false,
        "line_number": 541
      },
      {
        "type": "Secret Keyword",
        "filename": "creek-tools/.claude/skills/testing.md",
        "hashed_secret": "6367c48dd193d56ea7b0baad25b19455e529f5ee",
        "is_verified": false,
        "line_number": 707
      },
      {
        "type": "Secret Keyword",
        "filename": "creek-tools/.claude/skills/testing.md",
        "hashed_secret": "f04a07abc612388d70e270d19f9f5db7a27290fc",
        "is_verified": false,
        "line_number": 789
      }
    ],
    "creek-tools/.secrets.baseline": [
      {
        "type": "Hex High Entropy String",
        "filename": "creek-tools/.secrets.baseline",
        "hashed_secret": "f5335500acc7cef951a280f30d0746e6503cfe61",
        "is_verified": false,
        "line_number": 134
      },
      {
        "type": "Secret Keyword",
        "filename": "creek-tools/.secrets.baseline",
        "hashed_secret": "f5335500acc7cef951a280f30d0746e6503cfe61",
        "is_verified": false,
        "line_number": 134
      },
      {
        "type": "Hex High Entropy String",
        "filename": "creek-tools/.secrets.baseline",
        "hashed_secret": "16a44bf9f8362466dfbb16bece6d92c09b2a7d3d",
        "is_verified": false,
        "line_number": 143
      },
      {
        "type": "Secret Keyword",
        "filename": "creek-tools/.secrets.baseline",
        "hashed_secret": "16a44bf9f8362466dfbb16bece6d92c09b2a7d3d",
        "is_verified": false,
        "line_number": 143
      },
      {
        "type": "Hex High Entropy String",
        "filename": "creek-tools/.secrets.baseline",
        "hashed_secret": "42a7bac8745c45d6037a2253b9915517937fa567",
        "is_verified": false,
        "line_number": 152
      },
      {
        "type": "Secret Keyword",
        "filename": "creek-tools/.secrets.baseline",
        "hashed_secret": "42a7bac8745c45d6037a2253b9915517937fa567",
        "is_verified": false,
        "line_number": 152
      },
      {
        "type": "Hex High Entropy String",
        "filename": "creek-tools/.secrets.baseline",
        "hashed_secret": "2a3d1a00706cbc6f62772c3aba0fc6b52c4dc328",
        "is_verified": false,
        "line_number": 161
      },
      {
        "type": "Secret Keyword",
        "filename": "creek-tools/.secrets.baseline",
        "hashed_secret": "2a3d1a00706cbc6f62772c3aba0fc6b52c4dc328",
        "is_verified": false,
        "line_number": 161
      },
      {
        "type": "Hex High Entropy String",
        "filename": "creek-tools/.secrets.baseline",
        "hashed_secret": "c4033bff94b567a190e33faa551f411caef444f2",
        "is_verified": false,
        "line_number": 168
      },
      {
        "type": "Secret Keyword",
        "filename": "creek-tools/.secrets.baseline",
        "hashed_secret": "c4033bff94b567a190e33faa551f411caef444f2",
        "is_verified": false,
        "line_number": 168
      },
      {
        "type": "Hex High Entropy String",
        "filename": "creek-tools/.secrets.baseline",
        "hashed_secret": "5f1526ab5af8b63fcb10178bda39fb04dcb516b1",
        "is_verified": false,
        "line_number": 177
      },
      {
        "type": "Secret Keyword",
        "filename": "creek-tools/.secrets.baseline",
        "hashed_secret": "5f1526ab5af8b63fcb10178bda39fb04dcb516b1",
        "is_verified": false,
        "line_number": 177
      },
      {
        "type": "Hex High Entropy String",
        "filename": "creek-tools/.secrets.baseline",
        "hashed_secret": "fc9b81e24aef0541eed506cb7831b155189b7f93",
        "is_verified": false,
        "line_number": 184
      },
      {
        "type": "Secret Keyword",
        "filename": "creek-tools/.secrets.baseline",
        "hashed_secret": "fc9b81e24aef0541eed506cb7831b155189b7f93",
        "is_verified": false,
        "line_number": 184
      },
      {
        "type": "Hex High Entropy String",
        "filename": "creek-tools/.secrets.baseline",
        "hashed_secret": "9915f02db02d6058322592fc3f6aea0886479958",
        "is_verified": false,
        "line_number": 193
      },
      {
        "type": "Secret Keyword",
        "filename": "creek-tools/.secrets.baseline",
        "hashed_secret": "9915f02db02d6058322592fc3f6aea0886479958",
        "is_verified": false,
        "line_number": 193
      },
      {
        "type": "Hex High Entropy String",
        "filename": "creek-tools/.secrets.baseline",
        "hashed_secret": "8d1e4f5888895e9f5df12404d016f885c42fad0b",
        "is_verified": false,
        "line_number": 207
      },
      {
        "type": "Secret Keyword",
        "filename": "creek-tools/.secrets.baseline",
        "hashed_secret": "8d1e4f5888895e9f5df12404d016f885c42fad0b",
        "is_verified": false,
        "line_number": 207
      },
      {
        "type": "Hex High Entropy String",
        "filename": "creek-tools/.secrets.baseline",
        "hashed_secret": "635114505e7620f951a96ea6d5a6d2a018bc7ab4",
        "is_verified": false,
        "line_number": 223
      },
      {
        "type": "Secret Keyword",
        "filename": "creek-tools/.secrets.baseline",
        "hashed_secret": "635114505e7620f951a96ea6d5a6d2a018bc7ab4",
        "is_verified": false,
        "line_number": 223
      },
      {
        "type": "Hex High Entropy String",
        "filename": "creek-tools/.secrets.baseline",
        "hashed_secret": "da7578202040fd5a6d5623bffc8cd5c86db58d35",
        "is_verified": false,
        "line_number": 255
      },
      {
        "type": "Secret Keyword",
        "filename": "creek-tools/.secrets.baseline",
        "hashed_secret": "da7578202040fd5a6d5623bffc8cd5c86db58d35",
        "is_verified": false,
        "line_number": 255
      },
      {
        "type": "Hex High Entropy String",
        "filename": "creek-tools/.secrets.baseline",
        "hashed_secret": "010438e6515e45aeaea0ac5303dbf9c2806eb0d0",
        "is_verified": false,
        "line_number": 262
      },
      {
        "type": "Secret Keyword",
        "filename": "creek-tools/.secrets.baseline",
        "hashed_secret": "010438e6515e45aeaea0ac5303dbf9c2806eb0d0",
        "is_verified": false,
        "line_number": 262
      },
      {
        "type": "Hex High Entropy String",
        "filename": "creek-tools/.secrets.baseline",
        "hashed_secret": "7a8845de943d5430134907bdb34a227510b46dc3",
        "is_verified": false,
        "line_number": 285
      },
      {
        "type": "Secret Keyword",
        "filename": "creek-tools/.secrets.baseline",
        "hashed_secret": "7a8845de943d5430134907bdb34a227510b46dc3",
        "is_verified": false,
        "line_number": 285
      },
      {
        "type": "Hex High Entropy String",
        "filename": "creek-tools/.secrets.baseline",
        "hashed_secret": "84d5ee73341cdc7dee0743406e39e43cd531b75e",
        "is_verified": false,
        "line_number": 315
      },
      {
        "type": "Secret Keyword",
        "filename": "creek-tools/.secrets.baseline",
        "hashed_secret": "84d5ee73341cdc7dee0743406e39e43cd531b75e",
        "is_verified": false,
        "line_number": 315
      },
      {
        "type": "Hex High Entropy String",
        "filename": "creek-tools/.secrets.baseline",
        "hashed_secret": "0bb7a8103eedab6b8f0ef7c930213613dd7f6413",
        "is_verified": false,
        "line_number": 342
      },
      {
        "type": "Secret Keyword",
        "filename": "creek-tools/.secrets.baseline",
        "hashed_secret": "0bb7a8103eedab6b8f0ef7c930213613dd7f6413",
        "is_verified": false,
        "line_number": 342
      },
      {
        "type": "Hex High Entropy String",
        "filename": "creek-tools/.secrets.baseline",
        "hashed_secret": "1ad9a77d6b9bd2d6d00af9893626315bc7023045",
        "is_verified": false,
        "line_number": 376
      },
      {
        "type": "Secret Keyword",
        "filename": "creek-tools/.secrets.baseline",
        "hashed_secret": "1ad9a77d6b9bd2d6d00af9893626315bc7023045",
        "is_verified": false,
        "line_number": 376
      },
      {
        "type": "Hex High Entropy String",
        "filename": "creek-tools/.secrets.baseline",
        "hashed_secret": "6b395cf14fa851bcd3ae684ef975b4d729104221",
        "is_verified": false,
        "line_number": 383
      },
      {
        "type": "Secret Keyword",
        "filename": "creek-tools/.secrets.baseline",
        "hashed_secret": "6b395cf14fa851bcd3ae684ef975b4d729104221",
        "is_verified": false,
        "line_number": 383
      },
      {
        "type": "Hex High Entropy String",
        "filename": "creek-tools/.secrets.baseline",
        "hashed_secret": "290fc8f601ff231b7c526d4a5f9298fedc02cd19",
        "is_verified": false,
        "line_number": 390
      },
      {
        "type": "Secret Keyword",
        "filename": "creek-tools/.secrets.baseline",
        "hashed_secret": "290fc8f601ff231b7c526d4a5f9298fedc02cd19",
        "is_verified": false,
        "line_number": 390
      },
      {
        "type": "Hex High Entropy String",
        "filename": "creek-tools/.secrets.baseline",
        "hashed_secret": "6dd1e4004237342bb60590f54a0eb01bb9e44267",
        "is_verified": false,
        "line_number": 397
      },
      {
        "type": "Secret Keyword",
        "filename": "creek-tools/.secrets.baseline",
        "hashed_secret": "6dd1e4004237342bb60590f54a0eb01bb9e44267",
        "is_verified": false,
        "line_number": 397
      },
      {
        "type": "Hex High Entropy String",
        "filename": "creek-tools/.secrets.baseline",
        "hashed_secret": "511c8a57f43721594915bb1f45be5137fe5ebcd5",
        "is_verified": false,
        "line_number": 404
      },
      {
        "type": "Secret Keyword",
        "filename": "creek-tools/.secrets.baseline",
        "hashed_secret": "511c8a57f43721594915bb1f45be5137fe5ebcd5",
        "is_verified": false,
        "line_number": 404
      },
      {
        "type": "Hex High Entropy String",
        "filename": "creek-tools/.secrets.baseline",
        "hashed_secret": "bb2a6a9e73e8c84921eab20e45871db05069d920",
        "is_verified": false,
        "line_number": 411
      },
      {
        "type": "Secret Keyword",
        "filename": "creek-tools/.secrets.baseline",
        "hashed_secret": "bb2a6a9e73e8c84921eab20e45871db05069d920",
        "is_verified": false,
        "line_number": 411
      },
      {
        "type": "Hex High Entropy String",
        "filename": "creek-tools/.secrets.baseline",
        "hashed_secret": "4695e0c71e25aeb7fe6a0c324d7bea31a4576d2b",
        "is_verified": false,
        "line_number": 418
      },
      {
        "type": "Secret Keyword",
        "filename": "creek-tools/.secrets.baseline",
        "hashed_secret": "4695e0c71e25aeb7fe6a0c324d7bea31a4576d2b",
        "is_verified": false,
        "line_number": 418
      },
      {
        "type": "Hex High Entropy String",
        "filename": "creek-tools/.secrets.baseline",
        "hashed_secret": "2fb1d48d7a0a7e7167b2ae067b630ff863651aad",
        "is_verified": false,
        "line_number": 425
      },
      {
        "type": "Secret Keyword",
        "filename": "creek-tools/.secrets.baseline",
        "hashed_secret": "2fb1d48d7a0a7e7167b2ae067b630ff863651aad",
        "is_verified": false,
        "line_number": 425
      },
      {
        "type": "Hex High Entropy String",
        "filename": "creek-tools/.secrets.baseline",
        "hashed_secret": "69a3e16ece00cd7ae8e3a6a87ed3ee690cd525c4",
        "is_verified": false,
        "line_number": 432
      },
      {
        "type": "Secret Keyword",
        "filename": "creek-tools/.secrets.baseline",
        "hashed_secret": "69a3e16ece00cd7ae8e3a6a87ed3ee690cd525c4",
        "is_verified": false,
        "line_number": 432
      },
      {
        "type": "Hex High Entropy String",
        "filename": "creek-tools/.secrets.baseline",
        "hashed_secret": "df724006b53e7e2d0f8ae22e2b01e3bc82f68295",
        "is_verified": false,
        "line_number": 439
      },
      {
        "type": "Secret Keyword",
        "filename": "creek-tools/.secrets.baseline",
        "hashed_secret": "df724006b53e7e2d0f8ae22e2b01e3bc82f68295",
        "is_verified": false,
        "line_number": 439
      },
      {
        "type": "Hex High Entropy String",
        "filename": "creek-tools/.secrets.baseline",
        "hashed_secret": "f81908a4ab817e99a49d790e65f14447b948db43",
        "is_verified": false,
        "line_number": 453
      },
      {
        "type": "Secret Keyword",
        "filename": "creek-tools/.secrets.baseline",
        "hashed_secret": "f81908a4ab817e99a49d790e65f14447b948db43",
        "is_verified": false,
        "line_number": 453
      },
      {
        "type": "Hex High Entropy String",
        "filename": "creek-tools/.secrets.baseline",
        "hashed_secret": "80e316f4aec279cd1c4fab008dbcf1d0029d71a5",
        "is_verified": false,
        "line_number": 467
      },
      {
        "type": "Secret Keyword",
        "filename": "creek-tools/.secrets.baseline",
        "hashed_secret": "80e316f4aec279cd1c4fab008dbcf1d0029d71a5",
        "is_verified": false,
        "line_number": 467
      },
      {
        "type": "Hex High Entropy String",
        "filename": "creek-tools/.secrets.baseline",
        "hashed_secret": "08089b4ed8c70ccd5d9b1bb558fc4eb81413d86d",
        "is_verified": false,
        "line_number": 485
      },
      {
        "type": "Secret Keyword",
        "filename": "creek-tools/.secrets.baseline",
        "hashed_secret": "08089b4ed8c70ccd5d9b1bb558fc4eb81413d86d",
        "is_verified": false,
        "line_number": 485
      }
    ],
    "creek-tools/tests/fixtures/README.md": [
      {
        "type": "AWS Access Key",
        "filename": "creek-tools/tests/fixtures/README.md",
        "hashed_secret": "25910f981e85ca04baf359199dd0bd4a3ae738b6",
        "is_verified": false,
        "line_number": 26
      }
    ],
    "creek-tools/tests/fixtures/injection/secret_lookalikes.md": [
      {
        "type": "AWS Access Key",
        "filename": "creek-tools/tests/fixtures/injection/secret_lookalikes.md",
        "hashed_secret": "25910f981e85ca04baf359199dd0bd4a3ae738b6",
        "is_verified": false,
        "line_number": 10
      }
    ],
    "creek-tools/tests/fixtures/symlinks/README.md": [
      {
        "type": "AWS Access Key",
        "filename": "creek-tools/tests/fixtures/symlinks/README.md",
        "hashed_secret": "25910f981e85ca04baf359199dd0bd4a3ae738b6",
        "is_verified": false,
        "line_number": 10
      }
    ],
    "creek-tools/tests/test_cli_redact.py": [
      {
        "type": "Base64 High Entropy String",
        "filename": "creek-tools/tests/test_cli_redact.py",
        "hashed_secret": "d4dc38eaefccfda1929b8758d71346eb43214610",
        "is_verified": false,
        "line_number": 42
      }
    ],
    "creek-tools/tests/test_ingest_failure_modes.py": [
      {
        "type": "AWS Access Key",
        "filename": "creek-tools/tests/test_ingest_failure_modes.py",
        "hashed_secret": "25910f981e85ca04baf359199dd0bd4a3ae738b6",
        "is_verified": false,
        "line_number": 164
      }
    ],
    "creek-tools/tests/test_properties_redaction.py": [
      {
        "type": "Private Key",
        "filename": "creek-tools/tests/test_properties_redaction.py",
        "hashed_secret": "be4fc4886bd949b369d5e092eb87494f12e57e5b",
        "is_verified": false,
        "line_number": 34
      },
      {
        "type": "AWS Access Key",
        "filename": "creek-tools/tests/test_properties_redaction.py",
        "hashed_secret": "25910f981e85ca04baf359199dd0bd4a3ae738b6",
        "is_verified": false,
        "line_number": 138
      }
    ],
    "creek-tools/tests/test_redact.py": [
      {
        "type": "AWS Access Key",
        "filename": "creek-tools/tests/test_redact.py",
        "hashed_secret": "25910f981e85ca04baf359199dd0bd4a3ae738b6",
        "is_verified": false,
        "line_number": 64
      },
      {
        "type": "Secret Keyword",
        "filename": "creek-tools/tests/test_redact.py",
        "hashed_secret": "f3bbbd66a63d4bf1747940578ec3d0103530e21d",
        "is_verified": false,
        "line_number": 79
      },
      {
        "type": "Hex High Entropy String",
        "filename": "creek-tools/tests/test_redact.py",
        "hashed_secret": "90bd1b48e958257948487b90bee080ba5ed00caa",
        "is_verified": false,
        "line_number": 128
      },
      {
        "type": "Secret Keyword",
        "filename": "creek-tools/tests/test_redact.py",
        "hashed_secret": "bbc5def5ff61d2066dee44345c9cbd3f1446d78a",
        "is_verified": false,
        "line_number": 666
      },
      {
        "type": "Secret Keyword",
        "filename": "creek-tools/tests/test_redact.py",
        "hashed_secret": "61cd1d7dff92b5087b154f273da269a6d11ed142",
        "is_verified": false,
        "line_number": 681
      },
      {
        "type": "Private Key",
        "filename": "creek-tools/tests/test_redact.py",
        "hashed_secret": "1348b145fa1a555461c1b790a2f66614781091e9",
        "is_verified": false,
        "line_number": 786
      },
      {
        "type": "Private Key",
        "filename": "creek-tools/tests/test_redact.py",
        "hashed_secret": "be4fc4886bd949b369d5e092eb87494f12e57e5b",
        "is_verified": false,
        "line_number": 787
      },
      {
        "type": "Private Key",
        "filename": "creek-tools/tests/test_redact.py",
        "hashed_secret": "f0778f3e140a61d5bbbed5430773e52af2f5fba4",
        "is_verified": false,
        "line_number": 788
      },
      {
        "type": "Private Key",
        "filename": "creek-tools/tests/test_redact.py",
        "hashed_secret": "27c6929aef41ae2bcadac15ca6abcaff72cda9cd",
        "is_verified": false,
        "line_number": 789
      },
      {
        "type": "Slack Token",
        "filename": "creek-tools/tests/test_redact.py",
        "hashed_secret": "4b2a65e92397c0fac2298f2e3972344478b2981d",
        "is_verified": false,
        "line_number": 832
      },
      {
        "type": "Base64 High Entropy String",
        "filename": "creek-tools/tests/test_redact.py",
        "hashed_secret": "5e6fa1b130037d9f29038e19f75d437143d8438d",
        "is_verified": false,
        "line_number": 833
      },
      {
        "type": "Slack Token",
        "filename": "creek-tools/tests/test_redact.py",
        "hashed_secret": "5e6fa1b130037d9f29038e19f75d437143d8438d",
        "is_verified": false,
        "line_number": 833
      },
      {
        "type": "Base64 High Entropy String",
        "filename": "creek-tools/tests/test_redact.py",
        "hashed_secret": "13e06d39894e6b654641e50dbed99f2763c4ceba",
        "is_verified": false,
        "line_number": 834
      },
      {
        "type": "Slack Token",
        "filename": "creek-tools/tests/test_redact.py",
        "hashed_secret": "13e06d39894e6b654641e50dbed99f2763c4ceba",
        "is_verified": false,
        "line_number": 834
      },
      {
        "type": "JSON Web Token",
        "filename": "creek-tools/tests/test_redact.py",
        "hashed_secret": "92a800fa68609f76bfe58e926106352467d3ae8c",
        "is_verified": false,
        "line_number": 881
      }
    ]
  },
  "generated_at": "2026-05-01T06:09:20Z"
}
